The_Dark_Side_of_the_Moon 3df425d2-b33e-424c-acd3-d949ea09e2c8 GB 2016 200 33456
The_Dark_Side_of_the_Moon 61288af4-6fdb-42be-b94e-7e7b90258951 DE 1978 200 26744
The_Dark_Side_of_the_Moon 956fbc58-362d-43b8-b880-3779e0508559 DE 1977 200 18492
The_Dark_Side_of_the_Moon 6f69054c-cde6-446b-9c0e-fbbefd1197b2 CA 1973 200 5587
The_Dark_Side_of_the_Moon 3fde611f-de09-46c9-8233-731b3e2ed76f YU 1973 200 34926
The_Dark_Side_of_the_Moon 37dba27d-895a-4d74-9679-d39f7c816f4b US 2016 200 35328
The_Dark_Side_of_the_Moon 29e1c397-5030-4d89-ae02-95b849d8d596 JP 1974 200 42599
The_Dark_Side_of_the_Moon c05dc459-a27d-4416-a98a-4bad433dfdb9 US 2016 404
The_Dark_Side_of_the_Moon e2958fed-eb3d-43e4-a824-65ba7995b80f FR 1973 404
The_Dark_Side_of_the_Moon b8ee4313-2915-40f1-913d-ac0315b4ba3d GB 1973 200 52485
Abbey_Road c15a59e7-194c-437d-b8b0-c2eaebd806c2 US 1976 200 121176
Abbey_Road ecd965f4-f75f-4360-9dde-26f31dc44f46 US 2012 200 102375
Abbey_Road e3e99a28-628b-31a2-9579-36cd98d8bb64 JP 2004 404
Abbey_Road d5f3d527-edb8-4534-a1c6-1e433262e5c1 CA 1976 200 69122
Abbey_Road 27f534f7-12c5-4c56-8dda-39fbdad10c17 US 1980 200 106004
Abbey_Road 3c2cfb3b-063e-4742-bb88-6699ef674589 XE 2012 200 105619
Abbey_Road 03437e02-835f-3a0a-a37c-48a36c2e852a ES 1969 200 98604
Abbey_Road d02efe1b-edce-3957-aafb-345e1a0a4844 US 1987 404
Abbey_Road 46264b17-694c-468a-8233-6b79bbb1b8b5 IT 1975 404
Abbey_Road d5625820-d8fb-403a-a920-c40d62c406fe US 1986 200 110884
Abbey_Road 05e77dbd-1c4f-4e5e-8461-caac6e5fbae7 GB 1969 200 88931
Rumours 7ec069c0-4424-3169-8ed0-d5e2473e0e84 GB 1977 200 44039
Rumours 081ea37e-db59-4332-8cd2-ad020cb93af6 US 1977 200 43129
Rumours 15504189-661a-4e33-8bd0-3e52a3249b84 XG 1979 200 6757
Rumours cce890f6-1971-4814-a044-9e7f1f56bbdf DE 1977 200 42199
Rumours eafa5bbd-7510-4195-8bf8-74d091871548 US 2011 200 50295
Rumours 0d6324af-beec-4e93-bb9c-9a30d0ef6dce US 2011 200 58071
Rumours 7af0eb9d-0c96-4b7b-93b3-87b87d0fd9e6 XW 2020 200 58441
Rumours 1cbf8f07-a088-4d44-8b54-edd27630a9d9 NL 1977 404
Rumours 34879cc9-1967-4d3a-952c-ec6f7e5a2050 US 2011 200 37731
